2026-06-26 20:35:41.496 | INFO     | app.main:startup_event:28 - Starting up FastAPI application...
2026-06-26 20:37:47.793 | INFO     | app.main:startup_event:28 - Starting up FastAPI application...
2026-06-26 20:38:41.496 | INFO     | app.main:startup_event:28 - Starting up FastAPI application...
2026-06-26 21:37:28.501 | INFO     | app.main:startup_event:28 - Starting up FastAPI application...
2026-06-26 21:50:59.125 | INFO     | app.parsers.excel:parse:10 - Parsing Excel file: uploads/9a467e2d-0e8a-46ea-a280-a15b9bc9f88c_Клиника 6 прайс 2026.xlsx
2026-06-26 22:10:30.681 | INFO     | app.main:startup_event:28 - Starting up FastAPI application...
2026-06-26 22:11:14.985 | INFO     | app.main:startup_event:28 - Starting up FastAPI application...
2026-06-26 22:11:30.871 | INFO     | app.parsers.excel:parse:11 - Parsing Excel file: uploads/5df00a90-8b7d-4247-b262-d7b8149c3242_Клиника 6 прайс 2026.xlsx
2026-06-26 22:14:08.966 | INFO     | app.main:startup_event:28 - Starting up FastAPI application...
2026-06-26 22:18:39.004 | INFO     | app.main:startup_event:28 - Starting up FastAPI application...
2026-06-26 22:18:40.235 | INFO     | app.main:startup_event:30 - Starting up FastAPI application...
2026-06-26 22:21:12.341 | INFO     | app.main:startup_event:30 - Starting up FastAPI application...
2026-06-26 22:25:06.949 | INFO     | app.main:startup_event:30 - Starting up FastAPI application...
2026-06-26 22:25:22.865 | INFO     | app.parsers.excel:parse:11 - Parsing Excel file: uploads/76e0edd1-f005-4ac9-a589-2ec66b89e07a_Клиника 6 прайс 2026.xlsx
2026-06-26 22:28:25.409 | INFO     | app.parsers.excel:parse:11 - Parsing Excel file: uploads/595b1384-98bd-471b-8c7d-08df09d6175b_Клиника 6 прайс 2026.xlsx
2026-06-26 22:32:03.001 | INFO     | app.main:startup_event:30 - Starting up FastAPI application...
2026-06-26 22:33:23.019 | INFO     | app.main:startup_event:30 - Starting up FastAPI application...
2026-06-26 22:33:40.207 | INFO     | app.parsers.excel:parse:87 - Parsing Excel file: uploads/0626d098-8ef9-4744-abde-5813e343946c_Клиника 6 прайс 2026.xlsx
2026-06-26 22:33:41.314 | INFO     | app.parsers.excel:parse:93 - Read 5166 rows x 9 columns
2026-06-26 22:33:41.316 | INFO     | app.parsers.excel:_find_header_row:54 - Found headers at row 10: service='1', price='5'
2026-06-26 22:33:41.316 | INFO     | app.parsers.excel:parse:115 - Data starts at row 11, service_col=1, price_col=5
2026-06-26 22:33:41.554 | INFO     | app.parsers.excel:parse:145 - Successfully parsed 5030 records
2026-06-27 15:35:02.541 | INFO     | app.main:startup_event:36 - Starting up FastAPI application...
2026-06-27 15:35:03.857 | INFO     | app.main:startup_event:41 - Database tables verified/created.
2026-06-27 15:48:58.575 | INFO     | app.main:startup_event:37 - Starting up FastAPI application...
2026-06-27 15:48:58.678 | INFO     | app.main:startup_event:42 - Database tables verified/created.
2026-06-27 15:50:30.969 | INFO     | app.main:startup_event:37 - Starting up FastAPI application...
2026-06-27 15:50:31.055 | INFO     | app.main:startup_event:42 - Database tables verified/created.
2026-06-27 15:55:50.372 | INFO     | app.parsers.html_parser:parse:14 - Parsing HTML from URL: https://kdl.kz/price
2026-06-27 15:55:50.874 | ERROR    | app.parsers.html_parser:parse:68 - Failed to fetch or parse https://kdl.kz/price: Redirect response '302 Found' for url 'https://kdl.kz/price'
Redirect location: 'https://kdl.kz'
For more information check: https://developer.mozilla.org/en-US/docs/Web/HTTP/Status/302
2026-06-27 16:01:13.923 | INFO     | app.main:startup_event:37 - Starting up FastAPI application...
2026-06-27 16:01:14.007 | INFO     | app.main:startup_event:42 - Database tables verified/created.
2026-06-27 16:02:21.669 | INFO     | app.main:startup_event:37 - Starting up FastAPI application...
2026-06-27 16:02:21.756 | INFO     | app.main:startup_event:42 - Database tables verified/created.
2026-06-27 16:02:41.371 | INFO     | app.main:startup_event:37 - Starting up FastAPI application...
2026-06-27 16:02:41.463 | INFO     | app.main:startup_event:42 - Database tables verified/created.
2026-06-27 16:05:54.990 | INFO     | app.main:startup_event:37 - Starting up FastAPI application...
2026-06-27 16:05:55.075 | INFO     | app.main:startup_event:42 - Database tables verified/created.
2026-06-27 16:06:08.854 | INFO     | app.main:startup_event:37 - Starting up FastAPI application...
2026-06-27 16:06:08.936 | INFO     | app.main:startup_event:42 - Database tables verified/created.
2026-06-27 16:07:25.623 | INFO     | app.parsers.html_parser:parse:14 - Parsing HTML from URL: https://kdl.kz/price
2026-06-27 16:07:28.987 | INFO     | app.parsers.html_parser:parse:66 - Successfully parsed 0 records from https://kdl.kz/price
2026-06-27 16:17:47.448 | INFO     | app.main:startup_event:37 - Starting up FastAPI application...
2026-06-27 16:17:47.529 | INFO     | app.main:startup_event:42 - Database tables verified/created.
2026-06-27 16:41:10.221 | INFO     | app.main:startup_event:38 - Starting up FastAPI application...
2026-06-27 16:41:10.315 | INFO     | app.main:startup_event:43 - Database tables verified/created.
2026-06-27 16:42:34.538 | INFO     | app.main:startup_event:38 - Starting up FastAPI application...
2026-06-27 16:42:34.621 | INFO     | app.main:startup_event:43 - Database tables verified/created.
2026-06-27 16:55:39.861 | INFO     | app.parsers.excel:parse:87 - Parsing Excel file: uploads/2fc2567f-3494-4d5a-b209-9093bbeae626_Клиника 7_Прайс 2026.xls
2026-06-27 16:55:39.863 | ERROR    | app.parsers.excel:parse:148 - Failed to parse Excel file uploads/2fc2567f-3494-4d5a-b209-9093bbeae626_Клиника 7_Прайс 2026.xls: Missing optional dependency 'xlrd'. Install xlrd >= 2.0.1 for xls Excel support Use pip or conda to install xlrd.
2026-06-27 16:58:08.050 | INFO     | app.parsers.docx:parse:11 - Parsing DOCX file: uploads/79e714f4-6e67-4a35-9995-4dc22a9b9dbb_Клиника 1 прайс 2024.docx
2026-06-27 16:58:09.781 | INFO     | app.parsers.docx:parse:49 - Successfully parsed 2718 records from DOCX
2026-06-27 17:05:34.315 | INFO     | app.main:startup_event:38 - Starting up FastAPI application...
2026-06-27 17:05:34.408 | INFO     | app.main:startup_event:43 - Database tables verified/created.
2026-06-27 17:06:01.716 | INFO     | app.main:startup_event:38 - Starting up FastAPI application...
2026-06-27 17:06:01.798 | INFO     | app.main:startup_event:43 - Database tables verified/created.
2026-06-27 17:08:22.962 | INFO     | app.parsers.docx:parse:11 - Parsing DOCX file: uploads/acebd8b5-5e27-4fdc-b0b6-7dbef85e0f18_Клиника 1 прайс 2024.docx
2026-06-27 17:08:24.704 | INFO     | app.parsers.docx:parse:53 - Successfully parsed 2713 records from DOCX
2026-06-27 17:22:43.781 | INFO     | app.main:startup_event:38 - Starting up FastAPI application...
2026-06-27 17:22:43.844 | INFO     | app.main:startup_event:43 - Database tables verified/created.
2026-06-27 17:25:59.008 | INFO     | app.parsers.docx:parse:11 - Parsing DOCX file: uploads/c1342fab-e380-4921-980c-28ef3a303549_Клиника 1 прайс 2024.docx
2026-06-27 17:26:00.036 | INFO     | app.parsers.docx:parse:53 - Successfully parsed 2713 records from DOCX
2026-06-27 17:30:04.172 | INFO     | app.parsers.excel:parse:87 - Parsing Excel file: uploads/b822eb8b-b1c0-4258-a5c9-0e2c9948695c_Клиника 6 прайс 2026.xlsx
2026-06-27 17:30:04.896 | INFO     | app.parsers.excel:parse:93 - Read 5166 rows x 9 columns
2026-06-27 17:30:04.896 | INFO     | app.parsers.excel:_find_header_row:54 - Found headers at row 10: service='1', price='5'
2026-06-27 17:30:04.897 | INFO     | app.parsers.excel:parse:115 - Data starts at row 11, service_col=1, price_col=5
2026-06-27 17:30:05.049 | INFO     | app.parsers.excel:parse:145 - Successfully parsed 5030 records
2026-06-27 17:31:20.995 | INFO     | app.parsers.excel:parse:87 - Parsing Excel file: uploads/e5656580-2fd8-4508-b825-273982226a94_Клиника 6 прайс 2026.xlsx
2026-06-27 17:31:21.495 | INFO     | app.parsers.excel:parse:93 - Read 5166 rows x 9 columns
2026-06-27 17:31:21.496 | INFO     | app.parsers.excel:_find_header_row:54 - Found headers at row 10: service='1', price='5'
2026-06-27 17:31:21.496 | INFO     | app.parsers.excel:parse:115 - Data starts at row 11, service_col=1, price_col=5
2026-06-27 17:31:21.662 | INFO     | app.parsers.excel:parse:145 - Successfully parsed 5030 records
2026-06-27 17:35:16.924 | INFO     | app.parsers.docx:parse:11 - Parsing DOCX file: uploads/4bbbd428-624a-4704-aa31-9e1f4caac65d_Клиника 1 прайс 2024.docx
2026-06-27 17:35:18.014 | INFO     | app.parsers.docx:parse:53 - Successfully parsed 2713 records from DOCX
2026-06-27 17:38:25.295 | INFO     | app.parsers.html_parser:parse:14 - Parsing HTML from URL: https://www.kdlolymp.kz/pricelist/astana
2026-06-27 17:38:30.603 | INFO     | app.parsers.html_parser:parse:66 - Successfully parsed 0 records from https://www.kdlolymp.kz/pricelist/astana
2026-06-27 17:52:27.020 | INFO     | app.main:startup_event:38 - Starting up FastAPI application...
2026-06-27 17:57:46.975 | INFO     | app.main:startup_event:38 - Starting up FastAPI application...
2026-06-27 18:00:00.731 | INFO     | app.main:startup_event:38 - Starting up FastAPI application...
2026-06-27 18:00:00.784 | INFO     | app.main:startup_event:43 - Database tables verified/created.
2026-06-27 18:01:05.885 | INFO     | app.parsers.docx:parse:11 - Parsing DOCX file: uploads/be9a7dfe-d0bf-4779-a215-c832a595fda7_Клиника 1 прайс 2024.docx
2026-06-27 18:01:06.988 | INFO     | app.parsers.docx:parse:67 - Successfully parsed 2708 records from DOCX
2026-06-27 18:03:14.565 | INFO     | app.parsers.html_parser:parse:14 - Parsing HTML from URL: https://www.kdlolymp.kz/pricelist/astana
2026-06-27 18:03:20.513 | INFO     | app.parsers.html_parser:parse:66 - Successfully parsed 0 records from https://www.kdlolymp.kz/pricelist/astana
2026-06-27 18:08:14.321 | INFO     | app.parsers.html_parser:parse:14 - Parsing HTML from URL: https://www.kdlolymp.kz/pricelist/astana
2026-06-27 18:08:18.848 | INFO     | app.parsers.html_parser:parse:66 - Successfully parsed 0 records from https://www.kdlolymp.kz/pricelist/astana
2026-06-27 18:08:37.261 | INFO     | app.parsers.html_parser:parse:14 - Parsing HTML from URL: https://www.kdlolymp.kz/pricelist/astana
2026-06-27 18:08:42.371 | INFO     | app.parsers.html_parser:parse:66 - Successfully parsed 0 records from https://www.kdlolymp.kz/pricelist/astana
2026-06-27 18:15:46.737 | INFO     | app.main:startup_event:38 - Starting up FastAPI application...
2026-06-27 18:15:46.792 | INFO     | app.main:startup_event:43 - Database tables verified/created.
2026-06-27 18:15:48.116 | INFO     | app.main:startup_event:38 - Starting up FastAPI application...
2026-06-27 18:15:48.171 | INFO     | app.main:startup_event:43 - Database tables verified/created.
2026-06-27 18:16:46.842 | INFO     | app.main:startup_event:38 - Starting up FastAPI application...
2026-06-27 18:16:46.896 | INFO     | app.main:startup_event:43 - Database tables verified/created.
2026-06-27 18:18:15.643 | INFO     | app.main:startup_event:38 - Starting up FastAPI application...
2026-06-27 18:18:15.697 | INFO     | app.main:startup_event:43 - Database tables verified/created.
2026-06-27 18:18:30.139 | INFO     | app.parsers.html_parser:parse:14 - Parsing HTML from URL: https://www.kdlolymp.kz/pricelist/astana
2026-06-27 18:18:30.184 | WARNING  | app.parsers.html_parser:parse:30 - Playwright failed or not available, falling back to httpx: It looks like you are using Playwright Sync API inside the asyncio loop.
Please use the Async API instead.
2026-06-27 18:18:41.207 | INFO     | app.parsers.html_parser:parse:84 - Successfully parsed 0 records from https://www.kdlolymp.kz/pricelist/astana
2026-06-27 18:21:08.823 | INFO     | app.main:startup_event:38 - Starting up FastAPI application...
2026-06-27 18:21:08.878 | INFO     | app.main:startup_event:43 - Database tables verified/created.
2026-06-27 18:22:37.579 | INFO     | app.main:startup_event:38 - Starting up FastAPI application...
2026-06-27 18:22:37.632 | INFO     | app.main:startup_event:43 - Database tables verified/created.
2026-06-27 18:22:58.325 | INFO     | app.parsers.html_parser:parse:14 - Parsing HTML from URL: https://www.kdlolymp.kz/pricelist/astana
2026-06-27 18:23:10.542 | INFO     | app.parsers.html_parser:parse:28 - Successfully fetched HTML using Playwright (JS rendered)
2026-06-27 18:23:10.576 | INFO     | app.parsers.html_parser:parse:84 - Successfully parsed 0 records from https://www.kdlolymp.kz/pricelist/astana
2026-06-27 18:27:40.850 | INFO     | app.main:startup_event:38 - Starting up FastAPI application...
2026-06-27 18:27:40.901 | INFO     | app.main:startup_event:43 - Database tables verified/created.
2026-06-27 18:28:48.586 | INFO     | app.parsers.html_parser:parse:14 - Parsing HTML from URL: https://www.kdlolymp.kz/pricelist/astana
2026-06-27 18:29:07.189 | INFO     | app.parsers.html_parser:parse:28 - Successfully fetched HTML using Playwright (JS rendered)
2026-06-27 18:29:07.251 | INFO     | app.parsers.html_parser:parse:87 - Successfully parsed 0 records from https://www.kdlolymp.kz/pricelist/astana
2026-06-27 18:30:17.927 | INFO     | app.main:startup_event:38 - Starting up FastAPI application...
2026-06-27 18:30:17.981 | INFO     | app.main:startup_event:43 - Database tables verified/created.
2026-06-27 18:31:28.910 | INFO     | app.main:startup_event:38 - Starting up FastAPI application...
2026-06-27 18:31:28.965 | INFO     | app.main:startup_event:43 - Database tables verified/created.
2026-06-27 18:32:03.081 | INFO     | app.main:startup_event:38 - Starting up FastAPI application...
2026-06-27 18:32:03.135 | INFO     | app.main:startup_event:43 - Database tables verified/created.
2026-06-27 18:32:39.778 | INFO     | app.main:startup_event:38 - Starting up FastAPI application...
2026-06-27 18:32:39.834 | INFO     | app.main:startup_event:43 - Database tables verified/created.
2026-06-27 18:33:30.723 | INFO     | app.main:startup_event:38 - Starting up FastAPI application...
2026-06-27 18:33:30.777 | INFO     | app.main:startup_event:43 - Database tables verified/created.
2026-06-27 18:34:20.270 | INFO     | app.main:startup_event:38 - Starting up FastAPI application...
2026-06-27 18:34:20.323 | INFO     | app.main:startup_event:43 - Database tables verified/created.
2026-06-27 18:35:07.554 | INFO     | app.main:startup_event:38 - Starting up FastAPI application...
2026-06-27 18:35:07.607 | INFO     | app.main:startup_event:43 - Database tables verified/created.
2026-06-27 18:35:24.538 | INFO     | app.parsers.html_parser:parse:14 - Parsing HTML from URL: https://www.kdlolymp.kz/pricelist/astana
2026-06-27 18:35:37.520 | INFO     | app.parsers.html_parser:parse:28 - Successfully fetched HTML using Playwright (JS rendered)
2026-06-27 18:35:37.652 | INFO     | app.parsers.html_parser:parse:88 - Successfully parsed 295 records from https://www.kdlolymp.kz/pricelist/astana
2026-06-27 18:36:54.154 | INFO     | app.main:startup_event:38 - Starting up FastAPI application...
2026-06-27 18:36:54.205 | INFO     | app.main:startup_event:43 - Database tables verified/created.
2026-06-27 18:37:55.834 | INFO     | app.main:startup_event:38 - Starting up FastAPI application...
2026-06-27 18:37:55.899 | INFO     | app.main:startup_event:43 - Database tables verified/created.
2026-06-27 18:38:12.838 | INFO     | app.parsers.html_parser:parse:14 - Parsing HTML from URL: https://www.kdlolymp.kz/pricelist/astana
2026-06-27 18:38:25.408 | INFO     | app.parsers.html_parser:parse:28 - Successfully fetched HTML using Playwright (JS rendered)
2026-06-27 18:38:25.523 | INFO     | app.parsers.html_parser:parse:88 - Successfully parsed 295 records from https://www.kdlolymp.kz/pricelist/astana
2026-06-27 18:40:15.764 | INFO     | app.main:startup_event:38 - Starting up FastAPI application...
2026-06-27 18:40:15.840 | INFO     | app.main:startup_event:43 - Database tables verified/created.
2026-06-27 18:43:00.853 | INFO     | app.main:startup_event:38 - Starting up FastAPI application...
2026-06-27 18:43:00.917 | INFO     | app.main:startup_event:43 - Database tables verified/created.
2026-06-27 18:43:37.178 | INFO     | app.main:startup_event:38 - Starting up FastAPI application...
2026-06-27 18:43:37.231 | INFO     | app.main:startup_event:43 - Database tables verified/created.
2026-06-27 18:43:50.094 | INFO     | app.parsers.html_parser:parse:14 - Parsing HTML from URL: https://www.kdlolymp.kz/pricelist/astana
2026-06-27 18:43:59.822 | INFO     | app.parsers.html_parser:parse:28 - Successfully fetched HTML using Playwright (JS rendered)
2026-06-27 18:43:59.976 | INFO     | app.parsers.html_parser:parse:88 - Successfully parsed 295 records from https://www.kdlolymp.kz/pricelist/astana
2026-06-27 18:52:54.416 | INFO     | app.parsers.html_parser:parse:14 - Parsing HTML from URL: https://invitro.kz/analizes/for-doctors/aktobe/
2026-06-27 18:53:24.990 | WARNING  | app.parsers.html_parser:parse:30 - Playwright failed or not available, falling back to httpx: Page.goto: Timeout 30000ms exceeded.
Call log:
  - navigating to "https://invitro.kz/analizes/for-doctors/aktobe/", waiting until "load"

2026-06-27 18:53:27.659 | INFO     | app.parsers.html_parser:parse:88 - Successfully parsed 138 records from https://invitro.kz/analizes/for-doctors/aktobe/
2026-06-27 19:52:21.864 | INFO     | app.main:startup_event:38 - Starting up FastAPI application...
2026-06-27 19:52:21.918 | INFO     | app.main:startup_event:43 - Database tables verified/created.
