2026-06-28 09:51:27.490 | INFO     | app.parsers.html_parser:parse:14 - Parsing HTML from URL: https://helix.ru/almaty/catalog/190-vse-analizy?page=1
2026-06-28 09:51:34.923 | INFO     | app.parsers.html_parser:parse:28 - Successfully fetched HTML using Playwright (JS rendered)
2026-06-28 09:51:34.971 | INFO     | app.parsers.html_parser:parse:103 - Successfully parsed 12 records from https://helix.ru/almaty/catalog/190-vse-analizy?page=1
2026-06-28 10:07:53.828 | INFO     | app.parsers.html_parser:parse:14 - Parsing HTML from URL: https://helix.ru/almaty/catalog/190-vse-analizy?page=1
2026-06-28 10:08:03.873 | INFO     | app.parsers.html_parser:parse:35 - Found next page button, navigating to page 2...
2026-06-28 10:08:08.881 | INFO     | app.parsers.html_parser:parse:42 - Stopped pagination: Locator.click: Timeout 5000ms exceeded.
Call log:
  - waiting for locator("a:has-text(\"Далее\"), button:has-text(\"Далее\"), a:has-text(\"Next\"), button:has-text(\"Next\"), .next-page, [aria-label=\"Next\"]").first
    - locator resolved to <a _ngcontent-ng-c475410671="" queryparamshandling="merge" class="button button-subtle button-bordered" href="/almaty/catalog/190-vse-analizy?page=2"> Далее↵</a>
  - attempting click action
    - waiting for element to be visible, enabled and stable
    - element is visible, enabled and stable
    - scrolling into view if needed
    - done scrolling
    - <div cdkdrag="" role="document" cdkdragboundary=".cdk-overlay-container" class="cdk-drag ant-modal ng-tns-c3531571346-4 cdk-drag-disabled">…</div> from <div class="cdk-overlay-container">…</div> subtree intercepts pointer events
  - retrying click action
    - waiting for element to be visible, enabled and stable
    - element is visible, enabled and stable
    - scrolling into view if needed
    - done scrolling
    - <nz-modal-container tabindex="-1" role="dialog" class="ng-tns-c3531571346-4 ng-trigger ng-trigger-modalContainer ng-star-inserted ng-animate-disabled ant-modal-wrap">…</nz-modal-container> from <div class="cdk-overlay-container">…</div> subtree intercepts pointer events
  - retrying click action
    - waiting 20ms
    - waiting for element to be visible, enabled and stable
    - element is visible, enabled and stable
    - scrolling into view if needed
    - done scrolling
    - <div cdkdrag="" role="document" cdkdragboundary=".cdk-overlay-container" class="cdk-drag ant-modal ng-tns-c3531571346-4 cdk-drag-disabled">…</div> from <div class="cdk-overlay-container">…</div> subtree intercepts pointer events
  2 × retrying click action
      - waiting 100ms
      - waiting for element to be visible, enabled and stable
      - element is visible, enabled and stable
      - scrolling into view if needed
      - done scrolling
      - <nz-modal-container tabindex="-1" role="dialog" class="ng-tns-c3531571346-4 ng-trigger ng-trigger-modalContainer ng-star-inserted ng-animate-disabled ant-modal-wrap">…</nz-modal-container> from <div class="cdk-overlay-container">…</div> subtree intercepts pointer events
  2 × retrying click action
      - waiting 500ms
      - waiting for element to be visible, enabled and stable
      - element is visible, enabled and stable
      - scrolling into view if needed
      - done scrolling
      - <nz-modal-container tabindex="-1" role="dialog" class="ng-tns-c3531571346-4 ng-trigger ng-trigger-modalContainer ng-star-inserted ng-animate-disabled ant-modal-wrap">…</nz-modal-container> from <div class="cdk-overlay-container">…</div> subtree intercepts pointer events
    - retrying click action
      - waiting 500ms
      - waiting for element to be visible, enabled and stable
      - element is visible, enabled and stable
      - scrolling into view if needed
      - done scrolling
      - <div cdkdrag="" role="document" cdkdragboundary=".cdk-overlay-container" class="cdk-drag ant-modal ng-tns-c3531571346-4 cdk-drag-disabled">…</div> from <div class="cdk-overlay-container">…</div> subtree intercepts pointer events
    - retrying click action
      - waiting 500ms
      - waiting for element to be visible, enabled and stable
      - element is visible, enabled and stable
      - scrolling into view if needed
      - done scrolling
      - <nz-modal-container tabindex="-1" role="dialog" class="ng-tns-c3531571346-4 ng-trigger ng-trigger-modalContainer ng-star-inserted ng-animate-disabled ant-modal-wrap">…</nz-modal-container> from <div class="cdk-overlay-container">…</div> subtree intercepts pointer events
    - retrying click action
      - waiting 500ms
      - waiting for element to be visible, enabled and stable
      - element is visible, enabled and stable
      - scrolling into view if needed
      - done scrolling
      - <nz-modal-container tabindex="-1" role="dialog" class="ng-tns-c3531571346-4 ng-trigger ng-trigger-modalContainer ng-star-inserted ng-animate-disabled ant-modal-wrap">…</nz-modal-container> from <div class="cdk-overlay-container">…</div> subtree intercepts pointer events
  - retrying click action
    - waiting 500ms

2026-06-28 10:08:08.957 | INFO     | app.parsers.html_parser:parse:46 - Successfully fetched HTML using Playwright (1 pages rendered)
2026-06-28 10:08:09.680 | INFO     | app.parsers.html_parser:parse:140 - Successfully parsed 12 unique records from https://helix.ru/almaty/catalog/190-vse-analizy?page=1
2026-06-28 10:08:57.083 | INFO     | app.parsers.html_parser:parse:14 - Parsing HTML from URL: https://helix.ru/almaty/catalog/190-vse-analizy?page=1
2026-06-28 10:09:06.991 | INFO     | app.parsers.html_parser:parse:35 - Found next page button, navigating to page 2...
2026-06-28 10:09:07.200 | INFO     | app.parsers.html_parser:parse:35 - Found next page button, navigating to page 3...
2026-06-28 10:09:07.512 | INFO     | app.parsers.html_parser:parse:35 - Found next page button, navigating to page 4...
2026-06-28 10:09:07.698 | INFO     | app.parsers.html_parser:parse:35 - Found next page button, navigating to page 5...
2026-06-28 10:09:07.871 | INFO     | app.parsers.html_parser:parse:35 - Found next page button, navigating to page 6...
2026-06-28 10:09:08.042 | INFO     | app.parsers.html_parser:parse:35 - Found next page button, navigating to page 7...
2026-06-28 10:09:08.225 | INFO     | app.parsers.html_parser:parse:35 - Found next page button, navigating to page 8...
2026-06-28 10:09:08.389 | INFO     | app.parsers.html_parser:parse:35 - Found next page button, navigating to page 9...
2026-06-28 10:09:08.556 | INFO     | app.parsers.html_parser:parse:35 - Found next page button, navigating to page 10...
2026-06-28 10:09:08.735 | INFO     | app.parsers.html_parser:parse:35 - Found next page button, navigating to page 11...
2026-06-28 10:09:08.902 | INFO     | app.parsers.html_parser:parse:35 - Found next page button, navigating to page 12...
2026-06-28 10:09:09.080 | INFO     | app.parsers.html_parser:parse:35 - Found next page button, navigating to page 13...
2026-06-28 10:09:09.249 | INFO     | app.parsers.html_parser:parse:35 - Found next page button, navigating to page 14...
2026-06-28 10:09:09.404 | INFO     | app.parsers.html_parser:parse:35 - Found next page button, navigating to page 15...
2026-06-28 10:09:09.562 | INFO     | app.parsers.html_parser:parse:35 - Found next page button, navigating to page 16...
2026-06-28 10:09:09.715 | INFO     | app.parsers.html_parser:parse:35 - Found next page button, navigating to page 17...
2026-06-28 10:09:09.887 | INFO     | app.parsers.html_parser:parse:35 - Found next page button, navigating to page 18...
2026-06-28 10:09:10.071 | INFO     | app.parsers.html_parser:parse:35 - Found next page button, navigating to page 19...
2026-06-28 10:09:10.234 | INFO     | app.parsers.html_parser:parse:35 - Found next page button, navigating to page 20...
2026-06-28 10:09:10.408 | INFO     | app.parsers.html_parser:parse:35 - Found next page button, navigating to page 21...
2026-06-28 10:09:10.575 | INFO     | app.parsers.html_parser:parse:35 - Found next page button, navigating to page 22...
2026-06-28 10:09:10.732 | INFO     | app.parsers.html_parser:parse:35 - Found next page button, navigating to page 23...
2026-06-28 10:09:10.891 | INFO     | app.parsers.html_parser:parse:35 - Found next page button, navigating to page 24...
2026-06-28 10:09:11.058 | INFO     | app.parsers.html_parser:parse:35 - Found next page button, navigating to page 25...
2026-06-28 10:09:11.219 | INFO     | app.parsers.html_parser:parse:35 - Found next page button, navigating to page 26...
2026-06-28 10:09:11.397 | INFO     | app.parsers.html_parser:parse:35 - Found next page button, navigating to page 27...
2026-06-28 10:09:11.561 | INFO     | app.parsers.html_parser:parse:35 - Found next page button, navigating to page 28...
2026-06-28 10:09:11.725 | INFO     | app.parsers.html_parser:parse:35 - Found next page button, navigating to page 29...
2026-06-28 10:09:11.898 | INFO     | app.parsers.html_parser:parse:35 - Found next page button, navigating to page 30...
2026-06-28 10:09:12.062 | INFO     | app.parsers.html_parser:parse:35 - Found next page button, navigating to page 31...
2026-06-28 10:09:12.222 | INFO     | app.parsers.html_parser:parse:35 - Found next page button, navigating to page 32...
2026-06-28 10:09:12.396 | INFO     | app.parsers.html_parser:parse:35 - Found next page button, navigating to page 33...
2026-06-28 10:09:12.567 | INFO     | app.parsers.html_parser:parse:35 - Found next page button, navigating to page 34...
2026-06-28 10:09:12.728 | INFO     | app.parsers.html_parser:parse:35 - Found next page button, navigating to page 35...
2026-06-28 10:09:12.900 | INFO     | app.parsers.html_parser:parse:35 - Found next page button, navigating to page 36...
2026-06-28 10:09:13.055 | INFO     | app.parsers.html_parser:parse:35 - Found next page button, navigating to page 37...
2026-06-28 10:09:13.223 | INFO     | app.parsers.html_parser:parse:35 - Found next page button, navigating to page 38...
2026-06-28 10:09:13.381 | INFO     | app.parsers.html_parser:parse:35 - Found next page button, navigating to page 39...
2026-06-28 10:09:13.530 | INFO     | app.parsers.html_parser:parse:35 - Found next page button, navigating to page 40...
2026-06-28 10:09:13.684 | INFO     | app.parsers.html_parser:parse:35 - Found next page button, navigating to page 41...
2026-06-28 10:09:13.817 | INFO     | app.parsers.html_parser:parse:35 - Found next page button, navigating to page 42...
2026-06-28 10:09:13.974 | INFO     | app.parsers.html_parser:parse:35 - Found next page button, navigating to page 43...
2026-06-28 10:09:14.115 | INFO     | app.parsers.html_parser:parse:35 - Found next page button, navigating to page 44...
2026-06-28 10:09:14.231 | INFO     | app.parsers.html_parser:parse:35 - Found next page button, navigating to page 45...
2026-06-28 10:09:14.359 | INFO     | app.parsers.html_parser:parse:35 - Found next page button, navigating to page 46...
2026-06-28 10:09:14.478 | INFO     | app.parsers.html_parser:parse:35 - Found next page button, navigating to page 47...
2026-06-28 10:09:14.585 | INFO     | app.parsers.html_parser:parse:35 - Found next page button, navigating to page 48...
2026-06-28 10:09:14.701 | INFO     | app.parsers.html_parser:parse:35 - Found next page button, navigating to page 49...
2026-06-28 10:09:14.825 | INFO     | app.parsers.html_parser:parse:35 - Found next page button, navigating to page 50...
2026-06-28 10:09:14.926 | INFO     | app.parsers.html_parser:parse:35 - Found next page button, navigating to page 51...
2026-06-28 10:09:15.047 | INFO     | app.parsers.html_parser:parse:35 - Found next page button, navigating to page 52...
2026-06-28 10:09:15.186 | INFO     | app.parsers.html_parser:parse:35 - Found next page button, navigating to page 53...
2026-06-28 10:09:15.290 | INFO     | app.parsers.html_parser:parse:35 - Found next page button, navigating to page 54...
2026-06-28 10:09:15.396 | INFO     | app.parsers.html_parser:parse:35 - Found next page button, navigating to page 55...
2026-06-28 10:09:15.536 | INFO     | app.parsers.html_parser:parse:35 - Found next page button, navigating to page 56...
2026-06-28 10:09:15.654 | INFO     | app.parsers.html_parser:parse:35 - Found next page button, navigating to page 57...
2026-06-28 10:09:15.777 | INFO     | app.parsers.html_parser:parse:35 - Found next page button, navigating to page 58...
2026-06-28 10:09:15.881 | INFO     | app.parsers.html_parser:parse:35 - Found next page button, navigating to page 59...
2026-06-28 10:09:16.006 | INFO     | app.parsers.html_parser:parse:35 - Found next page button, navigating to page 60...
2026-06-28 10:09:16.123 | INFO     | app.parsers.html_parser:parse:35 - Found next page button, navigating to page 61...
2026-06-28 10:09:16.249 | INFO     | app.parsers.html_parser:parse:35 - Found next page button, navigating to page 62...
2026-06-28 10:09:16.360 | INFO     | app.parsers.html_parser:parse:35 - Found next page button, navigating to page 63...
2026-06-28 10:09:16.471 | INFO     | app.parsers.html_parser:parse:35 - Found next page button, navigating to page 64...
2026-06-28 10:09:16.606 | INFO     | app.parsers.html_parser:parse:35 - Found next page button, navigating to page 65...
2026-06-28 10:09:16.720 | INFO     | app.parsers.html_parser:parse:35 - Found next page button, navigating to page 66...
2026-06-28 10:09:16.847 | INFO     | app.parsers.html_parser:parse:35 - Found next page button, navigating to page 67...
2026-06-28 10:09:16.971 | INFO     | app.parsers.html_parser:parse:35 - Found next page button, navigating to page 68...
2026-06-28 10:09:17.098 | INFO     | app.parsers.html_parser:parse:35 - Found next page button, navigating to page 69...
2026-06-28 10:09:17.222 | INFO     | app.parsers.html_parser:parse:35 - Found next page button, navigating to page 70...
2026-06-28 10:09:17.342 | INFO     | app.parsers.html_parser:parse:35 - Found next page button, navigating to page 71...
2026-06-28 10:09:17.454 | INFO     | app.parsers.html_parser:parse:35 - Found next page button, navigating to page 72...
2026-06-28 10:09:17.564 | INFO     | app.parsers.html_parser:parse:35 - Found next page button, navigating to page 73...
2026-06-28 10:09:17.691 | INFO     | app.parsers.html_parser:parse:35 - Found next page button, navigating to page 74...
2026-06-28 10:09:17.799 | INFO     | app.parsers.html_parser:parse:35 - Found next page button, navigating to page 75...
2026-06-28 10:09:17.913 | INFO     | app.parsers.html_parser:parse:35 - Found next page button, navigating to page 76...
2026-06-28 10:09:18.052 | INFO     | app.parsers.html_parser:parse:35 - Found next page button, navigating to page 77...
2026-06-28 10:09:18.174 | INFO     | app.parsers.html_parser:parse:35 - Found next page button, navigating to page 78...
2026-06-28 10:09:18.311 | INFO     | app.parsers.html_parser:parse:35 - Found next page button, navigating to page 79...
2026-06-28 10:09:18.433 | INFO     | app.parsers.html_parser:parse:35 - Found next page button, navigating to page 80...
2026-06-28 10:09:18.547 | INFO     | app.parsers.html_parser:parse:35 - Found next page button, navigating to page 81...
2026-06-28 10:09:18.656 | INFO     | app.parsers.html_parser:parse:35 - Found next page button, navigating to page 82...
2026-06-28 10:09:18.756 | INFO     | app.parsers.html_parser:parse:35 - Found next page button, navigating to page 83...
2026-06-28 10:09:18.867 | INFO     | app.parsers.html_parser:parse:35 - Found next page button, navigating to page 84...
2026-06-28 10:09:18.977 | INFO     | app.parsers.html_parser:parse:35 - Found next page button, navigating to page 85...
2026-06-28 10:09:19.113 | INFO     | app.parsers.html_parser:parse:35 - Found next page button, navigating to page 86...
2026-06-28 10:09:19.263 | INFO     | app.parsers.html_parser:parse:35 - Found next page button, navigating to page 87...
2026-06-28 10:09:19.411 | INFO     | app.parsers.html_parser:parse:35 - Found next page button, navigating to page 88...
2026-06-28 10:09:19.526 | INFO     | app.parsers.html_parser:parse:35 - Found next page button, navigating to page 89...
2026-06-28 10:09:19.651 | INFO     | app.parsers.html_parser:parse:35 - Found next page button, navigating to page 90...
2026-06-28 10:09:19.792 | INFO     | app.parsers.html_parser:parse:35 - Found next page button, navigating to page 91...
2026-06-28 10:09:19.893 | INFO     | app.parsers.html_parser:parse:35 - Found next page button, navigating to page 92...
2026-06-28 10:09:20.028 | INFO     | app.parsers.html_parser:parse:35 - Found next page button, navigating to page 93...
2026-06-28 10:09:20.160 | INFO     | app.parsers.html_parser:parse:35 - Found next page button, navigating to page 94...
2026-06-28 10:09:20.261 | INFO     | app.parsers.html_parser:parse:35 - Found next page button, navigating to page 95...
2026-06-28 10:09:20.385 | INFO     | app.parsers.html_parser:parse:35 - Found next page button, navigating to page 96...
2026-06-28 10:09:20.522 | INFO     | app.parsers.html_parser:parse:35 - Found next page button, navigating to page 97...
2026-06-28 10:09:20.632 | INFO     | app.parsers.html_parser:parse:35 - Found next page button, navigating to page 98...
2026-06-28 10:09:20.733 | INFO     | app.parsers.html_parser:parse:35 - Found next page button, navigating to page 99...
2026-06-28 10:09:20.859 | INFO     | app.parsers.html_parser:parse:35 - Found next page button, navigating to page 100...
2026-06-28 10:09:21.004 | INFO     | app.parsers.html_parser:parse:46 - Successfully fetched HTML using Playwright (100 pages rendered)
2026-06-28 10:09:22.579 | INFO     | app.parsers.html_parser:parse:140 - Successfully parsed 12 unique records from https://helix.ru/almaty/catalog/190-vse-analizy?page=1
2026-06-28 10:10:58.072 | INFO     | app.parsers.html_parser:parse:14 - Parsing HTML from URL: https://helix.ru/almaty/catalog/190-vse-analizy?page=1
2026-06-28 10:11:10.808 | INFO     | app.parsers.html_parser:parse:35 - Found next page button, navigating to page 2...
2026-06-28 10:11:13.021 | INFO     | app.parsers.html_parser:parse:35 - Found next page button, navigating to page 3...
2026-06-28 10:11:15.280 | INFO     | app.parsers.html_parser:parse:47 - Successfully fetched HTML using Playwright (3 pages rendered)
2026-06-28 10:11:15.412 | INFO     | app.parsers.html_parser:parse:141 - Successfully parsed 12 unique records from https://helix.ru/almaty/catalog/190-vse-analizy?page=1
2026-06-28 10:22:23.974 | INFO     | app.parsers.html_parser:parse:14 - Parsing HTML from URL: https://helix.ru/almaty/catalog/190-vse-analizy?page=1
2026-06-28 10:22:37.476 | INFO     | app.parsers.html_parser:parse:39 - Found next page href, navigating to https://helix.ru/almaty/catalog/190-vse-analizy?page=2
2026-06-28 10:22:42.112 | INFO     | app.parsers.html_parser:parse:39 - Found next page href, navigating to https://helix.ru/almaty/catalog/190-vse-analizy?page=3
2026-06-28 10:22:47.117 | INFO     | app.parsers.html_parser:parse:57 - Successfully fetched HTML using Playwright (3 pages rendered)
2026-06-28 10:22:47.240 | INFO     | app.parsers.html_parser:parse:151 - Successfully parsed 36 unique records from https://helix.ru/almaty/catalog/190-vse-analizy?page=1
2026-06-28 10:53:32.965 | INFO     | app.parsers.html_parser:parse:67 - Parsing HTML from URL: https://helix.ru/almaty/catalog/190-vse-analizy?page=1
2026-06-28 10:53:32.965 | INFO     | app.parsers.html_parser:parse:72 - Attempting fast parse using HTTPX...
2026-06-28 10:53:35.857 | INFO     | app.parsers.html_parser:parse:84 - Fast parse successful! Found 12 records on page 1. Continuing with HTTPX.
2026-06-28 10:53:35.866 | INFO     | app.parsers.html_parser:parse:95 - Fetching page 2: https://helix.ru/almaty/catalog/190-vse-analizy?page=2
2026-06-28 10:53:36.791 | INFO     | app.parsers.html_parser:parse:95 - Fetching page 3: https://helix.ru/almaty/catalog/190-vse-analizy?page=3
2026-06-28 10:53:37.479 | INFO     | app.parsers.html_parser:parse:95 - Fetching page 4: https://helix.ru/almaty/catalog/190-vse-analizy?page=4
2026-06-28 10:53:38.262 | INFO     | app.parsers.html_parser:parse:95 - Fetching page 5: https://helix.ru/almaty/catalog/190-vse-analizy?page=5
2026-06-28 10:53:38.995 | INFO     | app.parsers.html_parser:parse:95 - Fetching page 6: https://helix.ru/almaty/catalog/190-vse-analizy?page=6
2026-06-28 10:53:39.780 | INFO     | app.parsers.html_parser:parse:95 - Fetching page 7: https://helix.ru/almaty/catalog/190-vse-analizy?page=7
2026-06-28 10:53:40.639 | INFO     | app.parsers.html_parser:parse:95 - Fetching page 8: https://helix.ru/almaty/catalog/190-vse-analizy?page=8
2026-06-28 10:53:42.224 | INFO     | app.parsers.html_parser:parse:95 - Fetching page 9: https://helix.ru/almaty/catalog/190-vse-analizy?page=9
2026-06-28 10:53:43.149 | INFO     | app.parsers.html_parser:parse:95 - Fetching page 10: https://helix.ru/almaty/catalog/190-vse-analizy?page=10
2026-06-28 10:53:43.862 | INFO     | app.parsers.html_parser:parse:95 - Fetching page 11: https://helix.ru/almaty/catalog/190-vse-analizy?page=11
2026-06-28 10:53:44.567 | INFO     | app.parsers.html_parser:parse:95 - Fetching page 12: https://helix.ru/almaty/catalog/190-vse-analizy?page=12
2026-06-28 10:53:45.436 | INFO     | app.parsers.html_parser:parse:95 - Fetching page 13: https://helix.ru/almaty/catalog/190-vse-analizy?page=13
2026-06-28 10:53:46.202 | INFO     | app.parsers.html_parser:parse:95 - Fetching page 14: https://helix.ru/almaty/catalog/190-vse-analizy?page=14
2026-06-28 10:53:46.952 | INFO     | app.parsers.html_parser:parse:95 - Fetching page 15: https://helix.ru/almaty/catalog/190-vse-analizy?page=15
2026-06-28 10:53:47.766 | INFO     | app.parsers.html_parser:parse:95 - Fetching page 16: https://helix.ru/almaty/catalog/190-vse-analizy?page=16
2026-06-28 10:53:48.450 | INFO     | app.parsers.html_parser:parse:95 - Fetching page 17: https://helix.ru/almaty/catalog/190-vse-analizy?page=17
2026-06-28 10:53:49.151 | INFO     | app.parsers.html_parser:parse:95 - Fetching page 18: https://helix.ru/almaty/catalog/190-vse-analizy?page=18
2026-06-28 10:53:49.891 | INFO     | app.parsers.html_parser:parse:95 - Fetching page 19: https://helix.ru/almaty/catalog/190-vse-analizy?page=19
2026-06-28 10:53:50.652 | INFO     | app.parsers.html_parser:parse:95 - Fetching page 20: https://helix.ru/almaty/catalog/190-vse-analizy?page=20
2026-06-28 10:53:51.960 | INFO     | app.parsers.html_parser:parse:95 - Fetching page 21: https://helix.ru/almaty/catalog/190-vse-analizy?page=21
2026-06-28 10:53:52.975 | INFO     | app.parsers.html_parser:parse:95 - Fetching page 22: https://helix.ru/almaty/catalog/190-vse-analizy?page=22
2026-06-28 10:53:54.119 | INFO     | app.parsers.html_parser:parse:95 - Fetching page 23: https://helix.ru/almaty/catalog/190-vse-analizy?page=23
2026-06-28 10:53:55.260 | INFO     | app.parsers.html_parser:parse:95 - Fetching page 24: https://helix.ru/almaty/catalog/190-vse-analizy?page=24
2026-06-28 10:53:56.080 | INFO     | app.parsers.html_parser:parse:95 - Fetching page 25: https://helix.ru/almaty/catalog/190-vse-analizy?page=25
2026-06-28 10:53:57.227 | INFO     | app.parsers.html_parser:parse:95 - Fetching page 26: https://helix.ru/almaty/catalog/190-vse-analizy?page=26
2026-06-28 10:53:57.930 | INFO     | app.parsers.html_parser:parse:95 - Fetching page 27: https://helix.ru/almaty/catalog/190-vse-analizy?page=27
2026-06-28 10:53:58.947 | INFO     | app.parsers.html_parser:parse:95 - Fetching page 28: https://helix.ru/almaty/catalog/190-vse-analizy?page=28
2026-06-28 10:53:59.689 | INFO     | app.parsers.html_parser:parse:95 - Fetching page 29: https://helix.ru/almaty/catalog/190-vse-analizy?page=29
2026-06-28 10:54:00.381 | INFO     | app.parsers.html_parser:parse:95 - Fetching page 30: https://helix.ru/almaty/catalog/190-vse-analizy?page=30
2026-06-28 10:54:01.110 | INFO     | app.parsers.html_parser:parse:95 - Fetching page 31: https://helix.ru/almaty/catalog/190-vse-analizy?page=31
2026-06-28 10:54:01.870 | INFO     | app.parsers.html_parser:parse:95 - Fetching page 32: https://helix.ru/almaty/catalog/190-vse-analizy?page=32
2026-06-28 10:54:02.602 | INFO     | app.parsers.html_parser:parse:95 - Fetching page 33: https://helix.ru/almaty/catalog/190-vse-analizy?page=33
2026-06-28 10:54:05.266 | INFO     | app.parsers.html_parser:parse:95 - Fetching page 34: https://helix.ru/almaty/catalog/190-vse-analizy?page=34
2026-06-28 10:54:07.075 | INFO     | app.parsers.html_parser:parse:95 - Fetching page 35: https://helix.ru/almaty/catalog/190-vse-analizy?page=35
2026-06-28 10:54:08.796 | INFO     | app.parsers.html_parser:parse:95 - Fetching page 36: https://helix.ru/almaty/catalog/190-vse-analizy?page=36
2026-06-28 10:54:09.818 | INFO     | app.parsers.html_parser:parse:95 - Fetching page 37: https://helix.ru/almaty/catalog/190-vse-analizy?page=37
2026-06-28 10:54:11.416 | INFO     | app.parsers.html_parser:parse:95 - Fetching page 38: https://helix.ru/almaty/catalog/190-vse-analizy?page=38
2026-06-28 10:54:12.557 | INFO     | app.parsers.html_parser:parse:95 - Fetching page 39: https://helix.ru/almaty/catalog/190-vse-analizy?page=39
2026-06-28 10:54:13.586 | INFO     | app.parsers.html_parser:parse:95 - Fetching page 40: https://helix.ru/almaty/catalog/190-vse-analizy?page=40
2026-06-28 10:54:14.377 | INFO     | app.parsers.html_parser:parse:95 - Fetching page 41: https://helix.ru/almaty/catalog/190-vse-analizy?page=41
2026-06-28 10:54:15.631 | INFO     | app.parsers.html_parser:parse:95 - Fetching page 42: https://helix.ru/almaty/catalog/190-vse-analizy?page=42
2026-06-28 10:54:16.456 | INFO     | app.parsers.html_parser:parse:95 - Fetching page 43: https://helix.ru/almaty/catalog/190-vse-analizy?page=43
2026-06-28 10:54:17.280 | INFO     | app.parsers.html_parser:parse:95 - Fetching page 44: https://helix.ru/almaty/catalog/190-vse-analizy?page=44
2026-06-28 10:54:18.066 | INFO     | app.parsers.html_parser:parse:95 - Fetching page 45: https://helix.ru/almaty/catalog/190-vse-analizy?page=45
2026-06-28 10:54:18.870 | INFO     | app.parsers.html_parser:parse:95 - Fetching page 46: https://helix.ru/almaty/catalog/190-vse-analizy?page=46
2026-06-28 10:54:19.766 | INFO     | app.parsers.html_parser:parse:95 - Fetching page 47: https://helix.ru/almaty/catalog/190-vse-analizy?page=47
2026-06-28 10:54:20.893 | INFO     | app.parsers.html_parser:parse:95 - Fetching page 48: https://helix.ru/almaty/catalog/190-vse-analizy?page=48
2026-06-28 10:54:21.729 | INFO     | app.parsers.html_parser:parse:95 - Fetching page 49: https://helix.ru/almaty/catalog/190-vse-analizy?page=49
2026-06-28 10:54:22.783 | INFO     | app.parsers.html_parser:parse:95 - Fetching page 50: https://helix.ru/almaty/catalog/190-vse-analizy?page=50
2026-06-28 10:54:23.784 | INFO     | app.parsers.html_parser:parse:95 - Fetching page 51: https://helix.ru/almaty/catalog/190-vse-analizy?page=51
2026-06-28 10:54:24.578 | INFO     | app.parsers.html_parser:parse:95 - Fetching page 52: https://helix.ru/almaty/catalog/190-vse-analizy?page=52
2026-06-28 10:54:25.481 | INFO     | app.parsers.html_parser:parse:95 - Fetching page 53: https://helix.ru/almaty/catalog/190-vse-analizy?page=53
2026-06-28 10:54:26.341 | INFO     | app.parsers.html_parser:parse:95 - Fetching page 54: https://helix.ru/almaty/catalog/190-vse-analizy?page=54
2026-06-28 10:54:27.199 | INFO     | app.parsers.html_parser:parse:95 - Fetching page 55: https://helix.ru/almaty/catalog/190-vse-analizy?page=55
2026-06-28 10:54:28.081 | INFO     | app.parsers.html_parser:parse:95 - Fetching page 56: https://helix.ru/almaty/catalog/190-vse-analizy?page=56
2026-06-28 10:54:28.912 | INFO     | app.parsers.html_parser:parse:95 - Fetching page 57: https://helix.ru/almaty/catalog/190-vse-analizy?page=57
2026-06-28 10:54:29.832 | INFO     | app.parsers.html_parser:parse:95 - Fetching page 58: https://helix.ru/almaty/catalog/190-vse-analizy?page=58
2026-06-28 10:54:30.904 | INFO     | app.parsers.html_parser:parse:95 - Fetching page 59: https://helix.ru/almaty/catalog/190-vse-analizy?page=59
2026-06-28 10:54:31.706 | INFO     | app.parsers.html_parser:parse:95 - Fetching page 60: https://helix.ru/almaty/catalog/190-vse-analizy?page=60
2026-06-28 10:54:32.527 | INFO     | app.parsers.html_parser:parse:95 - Fetching page 61: https://helix.ru/almaty/catalog/190-vse-analizy?page=61
2026-06-28 10:54:34.396 | INFO     | app.parsers.html_parser:parse:95 - Fetching page 62: https://helix.ru/almaty/catalog/190-vse-analizy?page=62
2026-06-28 10:54:36.521 | INFO     | app.parsers.html_parser:parse:95 - Fetching page 63: https://helix.ru/almaty/catalog/190-vse-analizy?page=63
2026-06-28 10:54:37.714 | INFO     | app.parsers.html_parser:parse:95 - Fetching page 64: https://helix.ru/almaty/catalog/190-vse-analizy?page=64
2026-06-28 10:54:38.752 | INFO     | app.parsers.html_parser:parse:95 - Fetching page 65: https://helix.ru/almaty/catalog/190-vse-analizy?page=65
2026-06-28 10:54:42.374 | INFO     | app.parsers.html_parser:parse:95 - Fetching page 66: https://helix.ru/almaty/catalog/190-vse-analizy?page=66
2026-06-28 10:54:43.131 | INFO     | app.parsers.html_parser:parse:95 - Fetching page 67: https://helix.ru/almaty/catalog/190-vse-analizy?page=67
2026-06-28 10:54:43.898 | INFO     | app.parsers.html_parser:parse:95 - Fetching page 68: https://helix.ru/almaty/catalog/190-vse-analizy?page=68
2026-06-28 10:54:44.707 | INFO     | app.parsers.html_parser:parse:95 - Fetching page 69: https://helix.ru/almaty/catalog/190-vse-analizy?page=69
2026-06-28 10:54:45.585 | INFO     | app.parsers.html_parser:parse:95 - Fetching page 70: https://helix.ru/almaty/catalog/190-vse-analizy?page=70
2026-06-28 10:54:47.774 | INFO     | app.parsers.html_parser:parse:95 - Fetching page 71: https://helix.ru/almaty/catalog/190-vse-analizy?page=71
2026-06-28 10:54:49.543 | INFO     | app.parsers.html_parser:parse:95 - Fetching page 72: https://helix.ru/almaty/catalog/190-vse-analizy?page=72
2026-06-28 10:54:50.804 | INFO     | app.parsers.html_parser:parse:95 - Fetching page 73: https://helix.ru/almaty/catalog/190-vse-analizy?page=73
2026-06-28 10:54:51.860 | INFO     | app.parsers.html_parser:parse:95 - Fetching page 74: https://helix.ru/almaty/catalog/190-vse-analizy?page=74
2026-06-28 10:54:52.646 | INFO     | app.parsers.html_parser:parse:95 - Fetching page 75: https://helix.ru/almaty/catalog/190-vse-analizy?page=75
2026-06-28 10:54:53.386 | INFO     | app.parsers.html_parser:parse:95 - Fetching page 76: https://helix.ru/almaty/catalog/190-vse-analizy?page=76
2026-06-28 10:54:54.164 | INFO     | app.parsers.html_parser:parse:95 - Fetching page 77: https://helix.ru/almaty/catalog/190-vse-analizy?page=77
2026-06-28 10:54:54.898 | INFO     | app.parsers.html_parser:parse:95 - Fetching page 78: https://helix.ru/almaty/catalog/190-vse-analizy?page=78
2026-06-28 10:54:55.671 | INFO     | app.parsers.html_parser:parse:95 - Fetching page 79: https://helix.ru/almaty/catalog/190-vse-analizy?page=79
2026-06-28 10:54:56.640 | INFO     | app.parsers.html_parser:parse:95 - Fetching page 80: https://helix.ru/almaty/catalog/190-vse-analizy?page=80
2026-06-28 10:54:57.477 | INFO     | app.parsers.html_parser:parse:95 - Fetching page 81: https://helix.ru/almaty/catalog/190-vse-analizy?page=81
2026-06-28 10:54:58.299 | INFO     | app.parsers.html_parser:parse:106 - Successfully parsed 970 unique records using fast HTTPX.
